// Jest Snapshot v1, https://goo.gl/fbAQLP

exports[`FontAwesome component (src/modules/FontAwesome) should match normal snapshot 1`] = `ShallowWrapper {}`;
