// Jest Snapshot v1, https://goo.gl/fbAQLP

exports[`NavButton component (src/modules/NavButton) should match normal snapshot 1`] = `ShallowWrapper {}`;
