// Jest Snapshot v1, https://goo.gl/fbAQLP

exports[`Filter component (src/Filter) should match normal snapshot 1`] = `ShallowWrapper {}`;
