// Jest Snapshot v1, https://goo.gl/fbAQLP

exports[`PaginationOpts component (src/PaginationOpts) should match normal snapshot 1`] = `ShallowWrapper {}`;
