// Jest Snapshot v1, https://goo.gl/fbAQLP

exports[`Pagination component (src/Pagination) should match normal snapshot 1`] = `ShallowWrapper {}`;
