// Jest Snapshot v1, https://goo.gl/fbAQLP

exports[`TableBody component (src/TableBody) should match normal snapshot 1`] = `ShallowWrapper {}`;
