// Jest Snapshot v1, https://goo.gl/fbAQLP

exports[`Datatable component (src/Datatable) should match normal snapshot 1`] = `ReactWrapper {}`;
